
> Configure project :
Fabric Loom: 1.14.10

> Task :compileJava UP-TO-DATE
> Task :processResources UP-TO-DATE
> Task :classes UP-TO-DATE
> Task :jar UP-TO-DATE
> Task :processIncludeJars UP-TO-DATE
> Task :sourcesJar UP-TO-DATE
> Task :remapSourcesJar UP-TO-DATE
> Task :compileTestJava NO-SOURCE
> Task :processTestResources NO-SOURCE
> Task :testClasses UP-TO-DATE
> Task :test NO-SOURCE
> Task :validateAccessWidener NO-SOURCE
> Task :check UP-TO-DATE
> Task :remapJar
> Task :assemble
> Task :build

[Incubating] Problems report is available at: file:///C:/Users/v/Desktop/claud/mc%20mod/build/reports/problems/problems-report.html

Deprecated Gradle features were used in this build, making it incompatible with Gradle 10.

You can use '--warning-mode all' to show the individual deprecation warnings and determine if they come from your own scripts or plugins.

For more on this, please refer to https://docs.gradle.org/9.4.0/userguide/command_line_interface.html#sec:command_line_warnings in the Gradle documentation.

BUILD SUCCESSFUL in 2s
7 actionable tasks: 1 executed, 6 up-to-date
Consider enabling configuration cache to speed up this build: https://docs.gradle.org/9.4.0/userguide/configuration_cache_enabling.html
